------------------------------------------------------------
Timing Analyzer Summary
------------------------------------------------------------

Type  : Slow 1200mV 85C Model Setup 'MAX10_CLK1_50'
Slack : -11.777
TNS   : -27722.543

Type  : Slow 1200mV 85C Model Hold 'MAX10_CLK1_50'
Slack : 0.311
TNS   : 0.000

Type  : Slow 1200mV 85C Model Minimum Pulse Width 'MAX10_CLK1_50'
Slack : -3.000
TNS   : -5636.158

Type  : Slow 1200mV 0C Model Setup 'MAX10_CLK1_50'
Slack : -10.630
TNS   : -24736.110

Type  : Slow 1200mV 0C Model Hold 'MAX10_CLK1_50'
Slack : 0.282
TNS   : 0.000

Type  : Slow 1200mV 0C Model Minimum Pulse Width 'MAX10_CLK1_50'
Slack : -3.000
TNS   : -5635.950

Type  : Fast 1200mV 0C Model Setup 'MAX10_CLK1_50'
Slack : -5.303
TNS   : -11534.876

Type  : Fast 1200mV 0C Model Hold 'MAX10_CLK1_50'
Slack : 0.143
TNS   : 0.000

Type  : Fast 1200mV 0C Model Minimum Pulse Width 'MAX10_CLK1_50'
Slack : -3.000
TNS   : -4748.681

------------------------------------------------------------
